[2026-04-02 18:01:38] production.ERROR: SQLSTATE[HY000] [2002] No connection could be made because the target machine actively refused it (SQL: select * from `sections`) {"exception":"[object] (Illuminate\\Database\\QueryException(code: 2002): SQLSTATE[HY000] [2002] No connection could be made because the target machine actively refused it (SQL: select * from `sections`) at C:\\Users\\SANJEEV KUMAR\\Downloads\\web\\Source\\Source\\vendor\\laravel\\framework\\src\\Illuminate\\Database\\Connection.php:760)
[stacktrace]
#0 C:\\Users\\SANJEEV KUMAR\\Downloads\\web\\Source\\Source\\vendor\\laravel\\framework\\src\\Illuminate\\Database\\Connection.php(720): Illuminate\\Database\\Connection->runQueryCallback()
#1 C:\\Users\\SANJEEV KUMAR\\Downloads\\web\\Source\\Source\\vendor\\laravel\\framework\\src\\Illuminate\\Database\\Connection.php(422): Illuminate\\Database\\Connection->run()
#2 C:\\Users\\SANJEEV KUMAR\\Downloads\\web\\Source\\Source\\vendor\\laravel\\framework\\src\\Illuminate\\Database\\Query\\Builder.php(2706): Illuminate\\Database\\Connection->select()
#3 C:\\Users\\SANJEEV KUMAR\\Downloads\\web\\Source\\Source\\vendor\\laravel\\framework\\src\\Illuminate\\Database\\Query\\Builder.php(2694): Illuminate\\Database\\Query\\Builder->runSelect()
#4 C:\\Users\\SANJEEV KUMAR\\Downloads\\web\\Source\\Source\\vendor\\laravel\\framework\\src\\Illuminate\\Database\\Query\\Builder.php(3230): Illuminate\\Database\\Query\\Builder->Illuminate\\Database\\Query\\{closure}()
#5 C:\\Users\\SANJEEV KUMAR\\Downloads\\web\\Source\\Source\\vendor\\laravel\\framework\\src\\Illuminate\\Database\\Query\\Builder.php(2695): Illuminate\\Database\\Query\\Builder->onceWithColumns()
#6 C:\\Users\\SANJEEV KUMAR\\Downloads\\web\\Source\\Source\\vendor\\laravel\\framework\\src\\Illuminate\\Database\\Eloquent\\Builder.php(710): Illuminate\\Database\\Query\\Builder->get()
#7 C:\\Users\\SANJEEV KUMAR\\Downloads\\web\\Source\\Source\\vendor\\laravel\\framework\\src\\Illuminate\\Database\\Eloquent\\Builder.php(694): Illuminate\\Database\\Eloquent\\Builder->getModels()
#8 C:\\Users\\SANJEEV KUMAR\\Downloads\\web\\Source\\Source\\vendor\\laravel\\framework\\src\\Illuminate\\Database\\Eloquent\\Model.php(674): Illuminate\\Database\\Eloquent\\Builder->get()
#9 C:\\Users\\SANJEEV KUMAR\\Downloads\\web\\Source\\Source\\app\\Providers\\AuthServiceProvider.php(42): Illuminate\\Database\\Eloquent\\Model::all()
#10 C:\\Users\\SANJEEV KUMAR\\Downloads\\web\\Source\\Source\\vendor\\laravel\\framework\\src\\Illuminate\\Cache\\Repository.php(397): App\\Providers\\AuthServiceProvider->App\\Providers\\{closure}()
#11 C:\\Users\\SANJEEV KUMAR\\Downloads\\web\\Source\\Source\\vendor\\laravel\\framework\\src\\Illuminate\\Cache\\CacheManager.php(408): Illuminate\\Cache\\Repository->remember()
#12 C:\\Users\\SANJEEV KUMAR\\Downloads\\web\\Source\\Source\\vendor\\laravel\\framework\\src\\Illuminate\\Support\\Facades\\Facade.php(338): Illuminate\\Cache\\CacheManager->__call()
#13 C:\\Users\\SANJEEV KUMAR\\Downloads\\web\\Source\\Source\\app\\Providers\\AuthServiceProvider.php(43): Illuminate\\Support\\Facades\\Facade::__callStatic()
#14 C:\\Users\\SANJEEV KUMAR\\Downloads\\web\\Source\\Source\\vendor\\laravel\\framework\\src\\Illuminate\\Container\\BoundMethod.php(36): App\\Providers\\AuthServiceProvider->boot()
#15 C:\\Users\\SANJEEV KUMAR\\Downloads\\web\\Source\\Source\\vendor\\laravel\\framework\\src\\Illuminate\\Container\\Util.php(41): Illuminate\\Container\\BoundMethod::Illuminate\\Container\\{closure}()
#16 C:\\Users\\SANJEEV KUMAR\\Downloads\\web\\Source\\Source\\vendor\\laravel\\framework\\src\\Illuminate\\Container\\BoundMethod.php(93): Illuminate\\Container\\Util::unwrapIfClosure()
#17 C:\\Users\\SANJEEV KUMAR\\Downloads\\web\\Source\\Source\\vendor\\laravel\\framework\\src\\Illuminate\\Container\\BoundMethod.php(37): Illuminate\\Container\\BoundMethod::callBoundMethod()
#18 C:\\Users\\SANJEEV KUMAR\\Downloads\\web\\Source\\Source\\vendor\\laravel\\framework\\src\\Illuminate\\Container\\Container.php(661): Illuminate\\Container\\BoundMethod::call()
#19 C:\\Users\\SANJEEV KUMAR\\Downloads\\web\\Source\\Source\\vendor\\laravel\\framework\\src\\Illuminate\\Foundation\\Application.php(954): Illuminate\\Container\\Container->call()
#20 C:\\Users\\SANJEEV KUMAR\\Downloads\\web\\Source\\Source\\vendor\\laravel\\framework\\src\\Illuminate\\Foundation\\Application.php(935): Illuminate\\Foundation\\Application->bootProvider()
#21 [internal function]: Illuminate\\Foundation\\Application->Illuminate\\Foundation\\{closure}()
#22 C:\\Users\\SANJEEV KUMAR\\Downloads\\web\\Source\\Source\\vendor\\laravel\\framework\\src\\Illuminate\\Foundation\\Application.php(936): array_walk()
#23 C:\\Users\\SANJEEV KUMAR\\Downloads\\web\\Source\\Source\\vendor\\laravel\\framework\\src\\Illuminate\\Foundation\\Bootstrap\\BootProviders.php(17): Illuminate\\Foundation\\Application->boot()
#24 C:\\Users\\SANJEEV KUMAR\\Downloads\\web\\Source\\Source\\vendor\\laravel\\framework\\src\\Illuminate\\Foundation\\Application.php(265): Illuminate\\Foundation\\Bootstrap\\BootProviders->bootstrap()
#25 C:\\Users\\SANJEEV KUMAR\\Downloads\\web\\Source\\Source\\vendor\\laravel\\framework\\src\\Illuminate\\Foundation\\Console\\Kernel.php(383): Illuminate\\Foundation\\Application->bootstrapWith()
#26 C:\\Users\\SANJEEV KUMAR\\Downloads\\web\\Source\\Source\\vendor\\laravel\\framework\\src\\Illuminate\\Foundation\\Console\\Kernel.php(153): Illuminate\\Foundation\\Console\\Kernel->bootstrap()
#27 C:\\Users\\SANJEEV KUMAR\\Downloads\\web\\Source\\Source\\artisan(37): Illuminate\\Foundation\\Console\\Kernel->handle()
#28 {main}

[previous exception] [object] (PDOException(code: 2002): SQLSTATE[HY000] [2002] No connection could be made because the target machine actively refused it at C:\\Users\\SANJEEV KUMAR\\Downloads\\web\\Source\\Source\\vendor\\laravel\\framework\\src\\Illuminate\\Database\\Connectors\\Connector.php:70)
[stacktrace]
#0 C:\\Users\\SANJEEV KUMAR\\Downloads\\web\\Source\\Source\\vendor\\laravel\\framework\\src\\Illuminate\\Database\\Connectors\\Connector.php(70): PDO->__construct()
#1 C:\\Users\\SANJEEV KUMAR\\Downloads\\web\\Source\\Source\\vendor\\laravel\\framework\\src\\Illuminate\\Database\\Connectors\\Connector.php(46): Illuminate\\Database\\Connectors\\Connector->createPdoConnection()
#2 C:\\Users\\SANJEEV KUMAR\\Downloads\\web\\Source\\Source\\vendor\\laravel\\framework\\src\\Illuminate\\Database\\Connectors\\MySqlConnector.php(24): Illuminate\\Database\\Connectors\\Connector->createConnection()
#3 C:\\Users\\SANJEEV KUMAR\\Downloads\\web\\Source\\Source\\vendor\\laravel\\framework\\src\\Illuminate\\Database\\Connectors\\ConnectionFactory.php(184): Illuminate\\Database\\Connectors\\MySqlConnector->connect()
#4 [internal function]: Illuminate\\Database\\Connectors\\ConnectionFactory->Illuminate\\Database\\Connectors\\{closure}()
#5 C:\\Users\\SANJEEV KUMAR\\Downloads\\web\\Source\\Source\\vendor\\laravel\\framework\\src\\Illuminate\\Database\\Connection.php(1181): call_user_func()
#6 C:\\Users\\SANJEEV KUMAR\\Downloads\\web\\Source\\Source\\vendor\\laravel\\framework\\src\\Illuminate\\Database\\Connection.php(1217): Illuminate\\Database\\Connection->getPdo()
#7 C:\\Users\\SANJEEV KUMAR\\Downloads\\web\\Source\\Source\\vendor\\laravel\\framework\\src\\Illuminate\\Database\\Connection.php(486): Illuminate\\Database\\Connection->getReadPdo()
#8 C:\\Users\\SANJEEV KUMAR\\Downloads\\web\\Source\\Source\\vendor\\laravel\\framework\\src\\Illuminate\\Database\\Connection.php(414): Illuminate\\Database\\Connection->getPdoForSelect()
#9 C:\\Users\\SANJEEV KUMAR\\Downloads\\web\\Source\\Source\\vendor\\laravel\\framework\\src\\Illuminate\\Database\\Connection.php(753): Illuminate\\Database\\Connection->Illuminate\\Database\\{closure}()
#10 C:\\Users\\SANJEEV KUMAR\\Downloads\\web\\Source\\Source\\vendor\\laravel\\framework\\src\\Illuminate\\Database\\Connection.php(720): Illuminate\\Database\\Connection->runQueryCallback()
#11 C:\\Users\\SANJEEV KUMAR\\Downloads\\web\\Source\\Source\\vendor\\laravel\\framework\\src\\Illuminate\\Database\\Connection.php(422): Illuminate\\Database\\Connection->run()
#12 C:\\Users\\SANJEEV KUMAR\\Downloads\\web\\Source\\Source\\vendor\\laravel\\framework\\src\\Illuminate\\Database\\Query\\Builder.php(2706): Illuminate\\Database\\Connection->select()
#13 C:\\Users\\SANJEEV KUMAR\\Downloads\\web\\Source\\Source\\vendor\\laravel\\framework\\src\\Illuminate\\Database\\Query\\Builder.php(2694): Illuminate\\Database\\Query\\Builder->runSelect()
#14 C:\\Users\\SANJEEV KUMAR\\Downloads\\web\\Source\\Source\\vendor\\laravel\\framework\\src\\Illuminate\\Database\\Query\\Builder.php(3230): Illuminate\\Database\\Query\\Builder->Illuminate\\Database\\Query\\{closure}()
#15 C:\\Users\\SANJEEV KUMAR\\Downloads\\web\\Source\\Source\\vendor\\laravel\\framework\\src\\Illuminate\\Database\\Query\\Builder.php(2695): Illuminate\\Database\\Query\\Builder->onceWithColumns()
#16 C:\\Users\\SANJEEV KUMAR\\Downloads\\web\\Source\\Source\\vendor\\laravel\\framework\\src\\Illuminate\\Database\\Eloquent\\Builder.php(710): Illuminate\\Database\\Query\\Builder->get()
#17 C:\\Users\\SANJEEV KUMAR\\Downloads\\web\\Source\\Source\\vendor\\laravel\\framework\\src\\Illuminate\\Database\\Eloquent\\Builder.php(694): Illuminate\\Database\\Eloquent\\Builder->getModels()
#18 C:\\Users\\SANJEEV KUMAR\\Downloads\\web\\Source\\Source\\vendor\\laravel\\framework\\src\\Illuminate\\Database\\Eloquent\\Model.php(674): Illuminate\\Database\\Eloquent\\Builder->get()
#19 C:\\Users\\SANJEEV KUMAR\\Downloads\\web\\Source\\Source\\app\\Providers\\AuthServiceProvider.php(42): Illuminate\\Database\\Eloquent\\Model::all()
#20 C:\\Users\\SANJEEV KUMAR\\Downloads\\web\\Source\\Source\\vendor\\laravel\\framework\\src\\Illuminate\\Cache\\Repository.php(397): App\\Providers\\AuthServiceProvider->App\\Providers\\{closure}()
#21 C:\\Users\\SANJEEV KUMAR\\Downloads\\web\\Source\\Source\\vendor\\laravel\\framework\\src\\Illuminate\\Cache\\CacheManager.php(408): Illuminate\\Cache\\Repository->remember()
#22 C:\\Users\\SANJEEV KUMAR\\Downloads\\web\\Source\\Source\\vendor\\laravel\\framework\\src\\Illuminate\\Support\\Facades\\Facade.php(338): Illuminate\\Cache\\CacheManager->__call()
#23 C:\\Users\\SANJEEV KUMAR\\Downloads\\web\\Source\\Source\\app\\Providers\\AuthServiceProvider.php(43): Illuminate\\Support\\Facades\\Facade::__callStatic()
#24 C:\\Users\\SANJEEV KUMAR\\Downloads\\web\\Source\\Source\\vendor\\laravel\\framework\\src\\Illuminate\\Container\\BoundMethod.php(36): App\\Providers\\AuthServiceProvider->boot()
#25 C:\\Users\\SANJEEV KUMAR\\Downloads\\web\\Source\\Source\\vendor\\laravel\\framework\\src\\Illuminate\\Container\\Util.php(41): Illuminate\\Container\\BoundMethod::Illuminate\\Container\\{closure}()
#26 C:\\Users\\SANJEEV KUMAR\\Downloads\\web\\Source\\Source\\vendor\\laravel\\framework\\src\\Illuminate\\Container\\BoundMethod.php(93): Illuminate\\Container\\Util::unwrapIfClosure()
#27 C:\\Users\\SANJEEV KUMAR\\Downloads\\web\\Source\\Source\\vendor\\laravel\\framework\\src\\Illuminate\\Container\\BoundMethod.php(37): Illuminate\\Container\\BoundMethod::callBoundMethod()
#28 C:\\Users\\SANJEEV KUMAR\\Downloads\\web\\Source\\Source\\vendor\\laravel\\framework\\src\\Illuminate\\Container\\Container.php(661): Illuminate\\Container\\BoundMethod::call()
#29 C:\\Users\\SANJEEV KUMAR\\Downloads\\web\\Source\\Source\\vendor\\laravel\\framework\\src\\Illuminate\\Foundation\\Application.php(954): Illuminate\\Container\\Container->call()
#30 C:\\Users\\SANJEEV KUMAR\\Downloads\\web\\Source\\Source\\vendor\\laravel\\framework\\src\\Illuminate\\Foundation\\Application.php(935): Illuminate\\Foundation\\Application->bootProvider()
#31 [internal function]: Illuminate\\Foundation\\Application->Illuminate\\Foundation\\{closure}()
#32 C:\\Users\\SANJEEV KUMAR\\Downloads\\web\\Source\\Source\\vendor\\laravel\\framework\\src\\Illuminate\\Foundation\\Application.php(936): array_walk()
#33 C:\\Users\\SANJEEV KUMAR\\Downloads\\web\\Source\\Source\\vendor\\laravel\\framework\\src\\Illuminate\\Foundation\\Bootstrap\\BootProviders.php(17): Illuminate\\Foundation\\Application->boot()
#34 C:\\Users\\SANJEEV KUMAR\\Downloads\\web\\Source\\Source\\vendor\\laravel\\framework\\src\\Illuminate\\Foundation\\Application.php(265): Illuminate\\Foundation\\Bootstrap\\BootProviders->bootstrap()
#35 C:\\Users\\SANJEEV KUMAR\\Downloads\\web\\Source\\Source\\vendor\\laravel\\framework\\src\\Illuminate\\Foundation\\Console\\Kernel.php(383): Illuminate\\Foundation\\Application->bootstrapWith()
#36 C:\\Users\\SANJEEV KUMAR\\Downloads\\web\\Source\\Source\\vendor\\laravel\\framework\\src\\Illuminate\\Foundation\\Console\\Kernel.php(153): Illuminate\\Foundation\\Console\\Kernel->bootstrap()
#37 C:\\Users\\SANJEEV KUMAR\\Downloads\\web\\Source\\Source\\artisan(37): Illuminate\\Foundation\\Console\\Kernel->handle()
#38 {main}
"} 
[2026-04-02 18:08:05] production.ERROR: SQLSTATE[42S02]: Base table or view not found: 1146 Table 'rocketlms.sections' doesn't exist (SQL: select * from `sections`) {"exception":"[object] (Illuminate\\Database\\QueryException(code: 42S02): SQLSTATE[42S02]: Base table or view not found: 1146 Table 'rocketlms.sections' doesn't exist (SQL: select * from `sections`) at C:\\Users\\SANJEEV KUMAR\\Downloads\\web\\Source\\Source\\vendor\\laravel\\framework\\src\\Illuminate\\Database\\Connection.php:760)
[stacktrace]
#0 C:\\Users\\SANJEEV KUMAR\\Downloads\\web\\Source\\Source\\vendor\\laravel\\framework\\src\\Illuminate\\Database\\Connection.php(720): Illuminate\\Database\\Connection->runQueryCallback()
#1 C:\\Users\\SANJEEV KUMAR\\Downloads\\web\\Source\\Source\\vendor\\laravel\\framework\\src\\Illuminate\\Database\\Connection.php(422): Illuminate\\Database\\Connection->run()
#2 C:\\Users\\SANJEEV KUMAR\\Downloads\\web\\Source\\Source\\vendor\\laravel\\framework\\src\\Illuminate\\Database\\Query\\Builder.php(2706): Illuminate\\Database\\Connection->select()
#3 C:\\Users\\SANJEEV KUMAR\\Downloads\\web\\Source\\Source\\vendor\\laravel\\framework\\src\\Illuminate\\Database\\Query\\Builder.php(2694): Illuminate\\Database\\Query\\Builder->runSelect()
#4 C:\\Users\\SANJEEV KUMAR\\Downloads\\web\\Source\\Source\\vendor\\laravel\\framework\\src\\Illuminate\\Database\\Query\\Builder.php(3230): Illuminate\\Database\\Query\\Builder->Illuminate\\Database\\Query\\{closure}()
#5 C:\\Users\\SANJEEV KUMAR\\Downloads\\web\\Source\\Source\\vendor\\laravel\\framework\\src\\Illuminate\\Database\\Query\\Builder.php(2695): Illuminate\\Database\\Query\\Builder->onceWithColumns()
#6 C:\\Users\\SANJEEV KUMAR\\Downloads\\web\\Source\\Source\\vendor\\laravel\\framework\\src\\Illuminate\\Database\\Eloquent\\Builder.php(710): Illuminate\\Database\\Query\\Builder->get()
#7 C:\\Users\\SANJEEV KUMAR\\Downloads\\web\\Source\\Source\\vendor\\laravel\\framework\\src\\Illuminate\\Database\\Eloquent\\Builder.php(694): Illuminate\\Database\\Eloquent\\Builder->getModels()
#8 C:\\Users\\SANJEEV KUMAR\\Downloads\\web\\Source\\Source\\vendor\\laravel\\framework\\src\\Illuminate\\Database\\Eloquent\\Model.php(674): Illuminate\\Database\\Eloquent\\Builder->get()
#9 C:\\Users\\SANJEEV KUMAR\\Downloads\\web\\Source\\Source\\app\\Providers\\AuthServiceProvider.php(42): Illuminate\\Database\\Eloquent\\Model::all()
#10 C:\\Users\\SANJEEV KUMAR\\Downloads\\web\\Source\\Source\\vendor\\laravel\\framework\\src\\Illuminate\\Cache\\Repository.php(397): App\\Providers\\AuthServiceProvider->App\\Providers\\{closure}()
#11 C:\\Users\\SANJEEV KUMAR\\Downloads\\web\\Source\\Source\\vendor\\laravel\\framework\\src\\Illuminate\\Cache\\CacheManager.php(408): Illuminate\\Cache\\Repository->remember()
#12 C:\\Users\\SANJEEV KUMAR\\Downloads\\web\\Source\\Source\\vendor\\laravel\\framework\\src\\Illuminate\\Support\\Facades\\Facade.php(338): Illuminate\\Cache\\CacheManager->__call()
#13 C:\\Users\\SANJEEV KUMAR\\Downloads\\web\\Source\\Source\\app\\Providers\\AuthServiceProvider.php(43): Illuminate\\Support\\Facades\\Facade::__callStatic()
#14 C:\\Users\\SANJEEV KUMAR\\Downloads\\web\\Source\\Source\\vendor\\laravel\\framework\\src\\Illuminate\\Container\\BoundMethod.php(36): App\\Providers\\AuthServiceProvider->boot()
#15 C:\\Users\\SANJEEV KUMAR\\Downloads\\web\\Source\\Source\\vendor\\laravel\\framework\\src\\Illuminate\\Container\\Util.php(41): Illuminate\\Container\\BoundMethod::Illuminate\\Container\\{closure}()
#16 C:\\Users\\SANJEEV KUMAR\\Downloads\\web\\Source\\Source\\vendor\\laravel\\framework\\src\\Illuminate\\Container\\BoundMethod.php(93): Illuminate\\Container\\Util::unwrapIfClosure()
#17 C:\\Users\\SANJEEV KUMAR\\Downloads\\web\\Source\\Source\\vendor\\laravel\\framework\\src\\Illuminate\\Container\\BoundMethod.php(37): Illuminate\\Container\\BoundMethod::callBoundMethod()
#18 C:\\Users\\SANJEEV KUMAR\\Downloads\\web\\Source\\Source\\vendor\\laravel\\framework\\src\\Illuminate\\Container\\Container.php(661): Illuminate\\Container\\BoundMethod::call()
#19 C:\\Users\\SANJEEV KUMAR\\Downloads\\web\\Source\\Source\\vendor\\laravel\\framework\\src\\Illuminate\\Foundation\\Application.php(954): Illuminate\\Container\\Container->call()
#20 C:\\Users\\SANJEEV KUMAR\\Downloads\\web\\Source\\Source\\vendor\\laravel\\framework\\src\\Illuminate\\Foundation\\Application.php(935): Illuminate\\Foundation\\Application->bootProvider()
#21 [internal function]: Illuminate\\Foundation\\Application->Illuminate\\Foundation\\{closure}()
#22 C:\\Users\\SANJEEV KUMAR\\Downloads\\web\\Source\\Source\\vendor\\laravel\\framework\\src\\Illuminate\\Foundation\\Application.php(936): array_walk()
#23 C:\\Users\\SANJEEV KUMAR\\Downloads\\web\\Source\\Source\\vendor\\laravel\\framework\\src\\Illuminate\\Foundation\\Bootstrap\\BootProviders.php(17): Illuminate\\Foundation\\Application->boot()
#24 C:\\Users\\SANJEEV KUMAR\\Downloads\\web\\Source\\Source\\vendor\\laravel\\framework\\src\\Illuminate\\Foundation\\Application.php(265): Illuminate\\Foundation\\Bootstrap\\BootProviders->bootstrap()
#25 C:\\Users\\SANJEEV KUMAR\\Downloads\\web\\Source\\Source\\vendor\\laravel\\framework\\src\\Illuminate\\Foundation\\Console\\Kernel.php(383): Illuminate\\Foundation\\Application->bootstrapWith()
#26 C:\\Users\\SANJEEV KUMAR\\Downloads\\web\\Source\\Source\\vendor\\laravel\\framework\\src\\Illuminate\\Foundation\\Console\\Kernel.php(153): Illuminate\\Foundation\\Console\\Kernel->bootstrap()
#27 C:\\Users\\SANJEEV KUMAR\\Downloads\\web\\Source\\Source\\artisan(37): Illuminate\\Foundation\\Console\\Kernel->handle()
#28 {main}

[previous exception] [object] (PDOException(code: 42S02): SQLSTATE[42S02]: Base table or view not found: 1146 Table 'rocketlms.sections' doesn't exist at C:\\Users\\SANJEEV KUMAR\\Downloads\\web\\Source\\Source\\vendor\\laravel\\framework\\src\\Illuminate\\Database\\Connection.php:414)
[stacktrace]
#0 C:\\Users\\SANJEEV KUMAR\\Downloads\\web\\Source\\Source\\vendor\\laravel\\framework\\src\\Illuminate\\Database\\Connection.php(414): PDO->prepare()
#1 C:\\Users\\SANJEEV KUMAR\\Downloads\\web\\Source\\Source\\vendor\\laravel\\framework\\src\\Illuminate\\Database\\Connection.php(753): Illuminate\\Database\\Connection->Illuminate\\Database\\{closure}()
#2 C:\\Users\\SANJEEV KUMAR\\Downloads\\web\\Source\\Source\\vendor\\laravel\\framework\\src\\Illuminate\\Database\\Connection.php(720): Illuminate\\Database\\Connection->runQueryCallback()
#3 C:\\Users\\SANJEEV KUMAR\\Downloads\\web\\Source\\Source\\vendor\\laravel\\framework\\src\\Illuminate\\Database\\Connection.php(422): Illuminate\\Database\\Connection->run()
#4 C:\\Users\\SANJEEV KUMAR\\Downloads\\web\\Source\\Source\\vendor\\laravel\\framework\\src\\Illuminate\\Database\\Query\\Builder.php(2706): Illuminate\\Database\\Connection->select()
#5 C:\\Users\\SANJEEV KUMAR\\Downloads\\web\\Source\\Source\\vendor\\laravel\\framework\\src\\Illuminate\\Database\\Query\\Builder.php(2694): Illuminate\\Database\\Query\\Builder->runSelect()
#6 C:\\Users\\SANJEEV KUMAR\\Downloads\\web\\Source\\Source\\vendor\\laravel\\framework\\src\\Illuminate\\Database\\Query\\Builder.php(3230): Illuminate\\Database\\Query\\Builder->Illuminate\\Database\\Query\\{closure}()
#7 C:\\Users\\SANJEEV KUMAR\\Downloads\\web\\Source\\Source\\vendor\\laravel\\framework\\src\\Illuminate\\Database\\Query\\Builder.php(2695): Illuminate\\Database\\Query\\Builder->onceWithColumns()
#8 C:\\Users\\SANJEEV KUMAR\\Downloads\\web\\Source\\Source\\vendor\\laravel\\framework\\src\\Illuminate\\Database\\Eloquent\\Builder.php(710): Illuminate\\Database\\Query\\Builder->get()
#9 C:\\Users\\SANJEEV KUMAR\\Downloads\\web\\Source\\Source\\vendor\\laravel\\framework\\src\\Illuminate\\Database\\Eloquent\\Builder.php(694): Illuminate\\Database\\Eloquent\\Builder->getModels()
#10 C:\\Users\\SANJEEV KUMAR\\Downloads\\web\\Source\\Source\\vendor\\laravel\\framework\\src\\Illuminate\\Database\\Eloquent\\Model.php(674): Illuminate\\Database\\Eloquent\\Builder->get()
#11 C:\\Users\\SANJEEV KUMAR\\Downloads\\web\\Source\\Source\\app\\Providers\\AuthServiceProvider.php(42): Illuminate\\Database\\Eloquent\\Model::all()
#12 C:\\Users\\SANJEEV KUMAR\\Downloads\\web\\Source\\Source\\vendor\\laravel\\framework\\src\\Illuminate\\Cache\\Repository.php(397): App\\Providers\\AuthServiceProvider->App\\Providers\\{closure}()
#13 C:\\Users\\SANJEEV KUMAR\\Downloads\\web\\Source\\Source\\vendor\\laravel\\framework\\src\\Illuminate\\Cache\\CacheManager.php(408): Illuminate\\Cache\\Repository->remember()
#14 C:\\Users\\SANJEEV KUMAR\\Downloads\\web\\Source\\Source\\vendor\\laravel\\framework\\src\\Illuminate\\Support\\Facades\\Facade.php(338): Illuminate\\Cache\\CacheManager->__call()
#15 C:\\Users\\SANJEEV KUMAR\\Downloads\\web\\Source\\Source\\app\\Providers\\AuthServiceProvider.php(43): Illuminate\\Support\\Facades\\Facade::__callStatic()
#16 C:\\Users\\SANJEEV KUMAR\\Downloads\\web\\Source\\Source\\vendor\\laravel\\framework\\src\\Illuminate\\Container\\BoundMethod.php(36): App\\Providers\\AuthServiceProvider->boot()
#17 C:\\Users\\SANJEEV KUMAR\\Downloads\\web\\Source\\Source\\vendor\\laravel\\framework\\src\\Illuminate\\Container\\Util.php(41): Illuminate\\Container\\BoundMethod::Illuminate\\Container\\{closure}()
#18 C:\\Users\\SANJEEV KUMAR\\Downloads\\web\\Source\\Source\\vendor\\laravel\\framework\\src\\Illuminate\\Container\\BoundMethod.php(93): Illuminate\\Container\\Util::unwrapIfClosure()
#19 C:\\Users\\SANJEEV KUMAR\\Downloads\\web\\Source\\Source\\vendor\\laravel\\framework\\src\\Illuminate\\Container\\BoundMethod.php(37): Illuminate\\Container\\BoundMethod::callBoundMethod()
#20 C:\\Users\\SANJEEV KUMAR\\Downloads\\web\\Source\\Source\\vendor\\laravel\\framework\\src\\Illuminate\\Container\\Container.php(661): Illuminate\\Container\\BoundMethod::call()
#21 C:\\Users\\SANJEEV KUMAR\\Downloads\\web\\Source\\Source\\vendor\\laravel\\framework\\src\\Illuminate\\Foundation\\Application.php(954): Illuminate\\Container\\Container->call()
#22 C:\\Users\\SANJEEV KUMAR\\Downloads\\web\\Source\\Source\\vendor\\laravel\\framework\\src\\Illuminate\\Foundation\\Application.php(935): Illuminate\\Foundation\\Application->bootProvider()
#23 [internal function]: Illuminate\\Foundation\\Application->Illuminate\\Foundation\\{closure}()
#24 C:\\Users\\SANJEEV KUMAR\\Downloads\\web\\Source\\Source\\vendor\\laravel\\framework\\src\\Illuminate\\Foundation\\Application.php(936): array_walk()
#25 C:\\Users\\SANJEEV KUMAR\\Downloads\\web\\Source\\Source\\vendor\\laravel\\framework\\src\\Illuminate\\Foundation\\Bootstrap\\BootProviders.php(17): Illuminate\\Foundation\\Application->boot()
#26 C:\\Users\\SANJEEV KUMAR\\Downloads\\web\\Source\\Source\\vendor\\laravel\\framework\\src\\Illuminate\\Foundation\\Application.php(265): Illuminate\\Foundation\\Bootstrap\\BootProviders->bootstrap()
#27 C:\\Users\\SANJEEV KUMAR\\Downloads\\web\\Source\\Source\\vendor\\laravel\\framework\\src\\Illuminate\\Foundation\\Console\\Kernel.php(383): Illuminate\\Foundation\\Application->bootstrapWith()
#28 C:\\Users\\SANJEEV KUMAR\\Downloads\\web\\Source\\Source\\vendor\\laravel\\framework\\src\\Illuminate\\Foundation\\Console\\Kernel.php(153): Illuminate\\Foundation\\Console\\Kernel->bootstrap()
#29 C:\\Users\\SANJEEV KUMAR\\Downloads\\web\\Source\\Source\\artisan(37): Illuminate\\Foundation\\Console\\Kernel->handle()
#30 {main}
"} 
[2026-04-02 18:12:24] production.ERROR: Symfony\Component\Mailer\Transport\Dsn::__construct(): Argument #5 ($port) must be of type ?int, string given, called in C:\Users\SANJEEV KUMAR\Downloads\web\Source\Source\vendor\laravel\framework\src\Illuminate\Mail\MailManager.php on line 186 {"exception":"[object] (TypeError(code: 0): Symfony\\Component\\Mailer\\Transport\\Dsn::__construct(): Argument #5 ($port) must be of type ?int, string given, called in C:\\Users\\SANJEEV KUMAR\\Downloads\\web\\Source\\Source\\vendor\\laravel\\framework\\src\\Illuminate\\Mail\\MailManager.php on line 186 at C:\\Users\\SANJEEV KUMAR\\Downloads\\web\\Source\\Source\\vendor\\symfony\\mailer\\Transport\\Dsn.php:28)
[stacktrace]
#0 C:\\Users\\SANJEEV KUMAR\\Downloads\\web\\Source\\Source\\vendor\\laravel\\framework\\src\\Illuminate\\Mail\\MailManager.php(186): Symfony\\Component\\Mailer\\Transport\\Dsn->__construct()
#1 C:\\Users\\SANJEEV KUMAR\\Downloads\\web\\Source\\Source\\vendor\\laravel\\framework\\src\\Illuminate\\Mail\\MailManager.php(164): Illuminate\\Mail\\MailManager->createSmtpTransport()
#2 C:\\Users\\SANJEEV KUMAR\\Downloads\\web\\Source\\Source\\vendor\\laravel\\framework\\src\\Illuminate\\Mail\\MailManager.php(122): Illuminate\\Mail\\MailManager->createSymfonyTransport()
#3 C:\\Users\\SANJEEV KUMAR\\Downloads\\web\\Source\\Source\\vendor\\laravel\\framework\\src\\Illuminate\\Mail\\MailManager.php(97): Illuminate\\Mail\\MailManager->resolve()
#4 C:\\Users\\SANJEEV KUMAR\\Downloads\\web\\Source\\Source\\vendor\\laravel\\framework\\src\\Illuminate\\Mail\\MailManager.php(75): Illuminate\\Mail\\MailManager->get()
#5 C:\\Users\\SANJEEV KUMAR\\Downloads\\web\\Source\\Source\\vendor\\laravel\\framework\\src\\Illuminate\\Mail\\MailServiceProvider.php(33): Illuminate\\Mail\\MailManager->mailer()
#6 C:\\Users\\SANJEEV KUMAR\\Downloads\\web\\Source\\Source\\vendor\\laravel\\framework\\src\\Illuminate\\Container\\Container.php(885): Illuminate\\Mail\\MailServiceProvider->Illuminate\\Mail\\{closure}()
#7 C:\\Users\\SANJEEV KUMAR\\Downloads\\web\\Source\\Source\\vendor\\laravel\\framework\\src\\Illuminate\\Container\\Container.php(770): Illuminate\\Container\\Container->build()
#8 C:\\Users\\SANJEEV KUMAR\\Downloads\\web\\Source\\Source\\vendor\\laravel\\framework\\src\\Illuminate\\Foundation\\Application.php(881): Illuminate\\Container\\Container->resolve()
#9 C:\\Users\\SANJEEV KUMAR\\Downloads\\web\\Source\\Source\\vendor\\laravel\\framework\\src\\Illuminate\\Container\\Container.php(706): Illuminate\\Foundation\\Application->resolve()
#10 C:\\Users\\SANJEEV KUMAR\\Downloads\\web\\Source\\Source\\vendor\\laravel\\framework\\src\\Illuminate\\Foundation\\Application.php(866): Illuminate\\Container\\Container->make()
#11 C:\\Users\\SANJEEV KUMAR\\Downloads\\web\\Source\\Source\\vendor\\laravel\\framework\\src\\Illuminate\\Container\\Container.php(1431): Illuminate\\Foundation\\Application->make()
#12 C:\\Users\\SANJEEV KUMAR\\Downloads\\web\\Source\\Source\\vendor\\barryvdh\\laravel-debugbar\\src\\LaravelDebugbar.php(514): Illuminate\\Container\\Container->offsetGet()
#13 C:\\Users\\SANJEEV KUMAR\\Downloads\\web\\Source\\Source\\vendor\\barryvdh\\laravel-debugbar\\src\\Middleware\\InjectDebugbar.php(62): Barryvdh\\Debugbar\\LaravelDebugbar->boot()
#14 C:\\Users\\SANJEEV KUMAR\\Downloads\\web\\Source\\Source\\vendor\\laravel\\framework\\src\\Illuminate\\Pipeline\\Pipeline.php(180): Barryvdh\\Debugbar\\Middleware\\InjectDebugbar->handle()
#15 C:\\Users\\SANJEEV KUMAR\\Downloads\\web\\Source\\Source\\app\\Http\\Middleware\\SecurityHeaders.php(11): Illuminate\\Pipeline\\Pipeline->Illuminate\\Pipeline\\{closure}()
#16 C:\\Users\\SANJEEV KUMAR\\Downloads\\web\\Source\\Source\\vendor\\laravel\\framework\\src\\Illuminate\\Pipeline\\Pipeline.php(180): App\\Http\\Middleware\\SecurityHeaders->handle()
#17 C:\\Users\\SANJEEV KUMAR\\Downloads\\web\\Source\\Source\\vendor\\laravel\\framework\\src\\Illuminate\\Foundation\\Http\\Middleware\\TransformsRequest.php(21): Illuminate\\Pipeline\\Pipeline->Illuminate\\Pipeline\\{closure}()
#18 C:\\Users\\SANJEEV KUMAR\\Downloads\\web\\Source\\Source\\vendor\\laravel\\framework\\src\\Illuminate\\Foundation\\Http\\Middleware\\ConvertEmptyStringsToNull.php(31): Illuminate\\Foundation\\Http\\Middleware\\TransformsRequest->handle()
#19 C:\\Users\\SANJEEV KUMAR\\Downloads\\web\\Source\\Source\\vendor\\laravel\\framework\\src\\Illuminate\\Pipeline\\Pipeline.php(180): Illuminate\\Foundation\\Http\\Middleware\\ConvertEmptyStringsToNull->handle()
#20 C:\\Users\\SANJEEV KUMAR\\Downloads\\web\\Source\\Source\\vendor\\laravel\\framework\\src\\Illuminate\\Foundation\\Http\\Middleware\\TransformsRequest.php(21): Illuminate\\Pipeline\\Pipeline->Illuminate\\Pipeline\\{closure}()
#21 C:\\Users\\SANJEEV KUMAR\\Downloads\\web\\Source\\Source\\vendor\\laravel\\framework\\src\\Illuminate\\Foundation\\Http\\Middleware\\TrimStrings.php(40): Illuminate\\Foundation\\Http\\Middleware\\TransformsRequest->handle()
#22 C:\\Users\\SANJEEV KUMAR\\Downloads\\web\\Source\\Source\\vendor\\laravel\\framework\\src\\Illuminate\\Pipeline\\Pipeline.php(180): Illuminate\\Foundation\\Http\\Middleware\\TrimStrings->handle()
#23 C:\\Users\\SANJEEV KUMAR\\Downloads\\web\\Source\\Source\\vendor\\laravel\\framework\\src\\Illuminate\\Foundation\\Http\\Middleware\\ValidatePostSize.php(27): Illuminate\\Pipeline\\Pipeline->Illuminate\\Pipeline\\{closure}()
#24 C:\\Users\\SANJEEV KUMAR\\Downloads\\web\\Source\\Source\\vendor\\laravel\\framework\\src\\Illuminate\\Pipeline\\Pipeline.php(180): Illuminate\\Foundation\\Http\\Middleware\\ValidatePostSize->handle()
#25 C:\\Users\\SANJEEV KUMAR\\Downloads\\web\\Source\\Source\\vendor\\laravel\\framework\\src\\Illuminate\\Foundation\\Http\\Middleware\\PreventRequestsDuringMaintenance.php(86): Illuminate\\Pipeline\\Pipeline->Illuminate\\Pipeline\\{closure}()
#26 C:\\Users\\SANJEEV KUMAR\\Downloads\\web\\Source\\Source\\vendor\\laravel\\framework\\src\\Illuminate\\Pipeline\\Pipeline.php(180): Illuminate\\Foundation\\Http\\Middleware\\PreventRequestsDuringMaintenance->handle()
#27 C:\\Users\\SANJEEV KUMAR\\Downloads\\web\\Source\\Source\\vendor\\fruitcake\\laravel-cors\\src\\HandleCors.php(38): Illuminate\\Pipeline\\Pipeline->Illuminate\\Pipeline\\{closure}()
#28 C:\\Users\\SANJEEV KUMAR\\Downloads\\web\\Source\\Source\\vendor\\laravel\\framework\\src\\Illuminate\\Pipeline\\Pipeline.php(180): Fruitcake\\Cors\\HandleCors->handle()
#29 C:\\Users\\SANJEEV KUMAR\\Downloads\\web\\Source\\Source\\vendor\\laravel\\framework\\src\\Illuminate\\Http\\Middleware\\TrustProxies.php(39): Illuminate\\Pipeline\\Pipeline->Illuminate\\Pipeline\\{closure}()
#30 C:\\Users\\SANJEEV KUMAR\\Downloads\\web\\Source\\Source\\vendor\\laravel\\framework\\src\\Illuminate\\Pipeline\\Pipeline.php(180): Illuminate\\Http\\Middleware\\TrustProxies->handle()
#31 C:\\Users\\SANJEEV KUMAR\\Downloads\\web\\Source\\Source\\vendor\\laravel\\framework\\src\\Illuminate\\Pipeline\\Pipeline.php(116): Illuminate\\Pipeline\\Pipeline->Illuminate\\Pipeline\\{closure}()
#32 C:\\Users\\SANJEEV KUMAR\\Downloads\\web\\Source\\Source\\vendor\\laravel\\framework\\src\\Illuminate\\Foundation\\Http\\Kernel.php(165): Illuminate\\Pipeline\\Pipeline->then()
#33 C:\\Users\\SANJEEV KUMAR\\Downloads\\web\\Source\\Source\\vendor\\laravel\\framework\\src\\Illuminate\\Foundation\\Http\\Kernel.php(134): Illuminate\\Foundation\\Http\\Kernel->sendRequestThroughRouter()
#34 C:\\Users\\SANJEEV KUMAR\\Downloads\\web\\Source\\Source\\public\\index.php(54): Illuminate\\Foundation\\Http\\Kernel->handle()
#35 C:\\Users\\SANJEEV KUMAR\\Downloads\\web\\Source\\Source\\vendor\\laravel\\framework\\src\\Illuminate\\Foundation\\resources\\server.php(16): require_once('...')
#36 {main}
"} 
[2026-04-02 18:18:32] production.ERROR: Symfony\Component\Mailer\Transport\Dsn::__construct(): Argument #5 ($port) must be of type ?int, string given, called in C:\Users\SANJEEV KUMAR\Downloads\web\Source\Source\vendor\laravel\framework\src\Illuminate\Mail\MailManager.php on line 186 {"exception":"[object] (TypeError(code: 0): Symfony\\Component\\Mailer\\Transport\\Dsn::__construct(): Argument #5 ($port) must be of type ?int, string given, called in C:\\Users\\SANJEEV KUMAR\\Downloads\\web\\Source\\Source\\vendor\\laravel\\framework\\src\\Illuminate\\Mail\\MailManager.php on line 186 at C:\\Users\\SANJEEV KUMAR\\Downloads\\web\\Source\\Source\\vendor\\symfony\\mailer\\Transport\\Dsn.php:28)
[stacktrace]
#0 C:\\Users\\SANJEEV KUMAR\\Downloads\\web\\Source\\Source\\vendor\\laravel\\framework\\src\\Illuminate\\Mail\\MailManager.php(186): Symfony\\Component\\Mailer\\Transport\\Dsn->__construct()
#1 C:\\Users\\SANJEEV KUMAR\\Downloads\\web\\Source\\Source\\vendor\\laravel\\framework\\src\\Illuminate\\Mail\\MailManager.php(164): Illuminate\\Mail\\MailManager->createSmtpTransport()
#2 C:\\Users\\SANJEEV KUMAR\\Downloads\\web\\Source\\Source\\vendor\\laravel\\framework\\src\\Illuminate\\Mail\\MailManager.php(122): Illuminate\\Mail\\MailManager->createSymfonyTransport()
#3 C:\\Users\\SANJEEV KUMAR\\Downloads\\web\\Source\\Source\\vendor\\laravel\\framework\\src\\Illuminate\\Mail\\MailManager.php(97): Illuminate\\Mail\\MailManager->resolve()
#4 C:\\Users\\SANJEEV KUMAR\\Downloads\\web\\Source\\Source\\vendor\\laravel\\framework\\src\\Illuminate\\Mail\\MailManager.php(75): Illuminate\\Mail\\MailManager->get()
#5 C:\\Users\\SANJEEV KUMAR\\Downloads\\web\\Source\\Source\\vendor\\laravel\\framework\\src\\Illuminate\\Mail\\MailServiceProvider.php(33): Illuminate\\Mail\\MailManager->mailer()
#6 C:\\Users\\SANJEEV KUMAR\\Downloads\\web\\Source\\Source\\vendor\\laravel\\framework\\src\\Illuminate\\Container\\Container.php(885): Illuminate\\Mail\\MailServiceProvider->Illuminate\\Mail\\{closure}()
#7 C:\\Users\\SANJEEV KUMAR\\Downloads\\web\\Source\\Source\\vendor\\laravel\\framework\\src\\Illuminate\\Container\\Container.php(770): Illuminate\\Container\\Container->build()
#8 C:\\Users\\SANJEEV KUMAR\\Downloads\\web\\Source\\Source\\vendor\\laravel\\framework\\src\\Illuminate\\Foundation\\Application.php(881): Illuminate\\Container\\Container->resolve()
#9 C:\\Users\\SANJEEV KUMAR\\Downloads\\web\\Source\\Source\\vendor\\laravel\\framework\\src\\Illuminate\\Container\\Container.php(706): Illuminate\\Foundation\\Application->resolve()
#10 C:\\Users\\SANJEEV KUMAR\\Downloads\\web\\Source\\Source\\vendor\\laravel\\framework\\src\\Illuminate\\Foundation\\Application.php(866): Illuminate\\Container\\Container->make()
#11 C:\\Users\\SANJEEV KUMAR\\Downloads\\web\\Source\\Source\\vendor\\laravel\\framework\\src\\Illuminate\\Container\\Container.php(1431): Illuminate\\Foundation\\Application->make()
#12 C:\\Users\\SANJEEV KUMAR\\Downloads\\web\\Source\\Source\\vendor\\barryvdh\\laravel-debugbar\\src\\LaravelDebugbar.php(514): Illuminate\\Container\\Container->offsetGet()
#13 C:\\Users\\SANJEEV KUMAR\\Downloads\\web\\Source\\Source\\vendor\\barryvdh\\laravel-debugbar\\src\\Middleware\\InjectDebugbar.php(62): Barryvdh\\Debugbar\\LaravelDebugbar->boot()
#14 C:\\Users\\SANJEEV KUMAR\\Downloads\\web\\Source\\Source\\vendor\\laravel\\framework\\src\\Illuminate\\Pipeline\\Pipeline.php(180): Barryvdh\\Debugbar\\Middleware\\InjectDebugbar->handle()
#15 C:\\Users\\SANJEEV KUMAR\\Downloads\\web\\Source\\Source\\app\\Http\\Middleware\\SecurityHeaders.php(11): Illuminate\\Pipeline\\Pipeline->Illuminate\\Pipeline\\{closure}()
#16 C:\\Users\\SANJEEV KUMAR\\Downloads\\web\\Source\\Source\\vendor\\laravel\\framework\\src\\Illuminate\\Pipeline\\Pipeline.php(180): App\\Http\\Middleware\\SecurityHeaders->handle()
#17 C:\\Users\\SANJEEV KUMAR\\Downloads\\web\\Source\\Source\\vendor\\laravel\\framework\\src\\Illuminate\\Foundation\\Http\\Middleware\\TransformsRequest.php(21): Illuminate\\Pipeline\\Pipeline->Illuminate\\Pipeline\\{closure}()
#18 C:\\Users\\SANJEEV KUMAR\\Downloads\\web\\Source\\Source\\vendor\\laravel\\framework\\src\\Illuminate\\Foundation\\Http\\Middleware\\ConvertEmptyStringsToNull.php(31): Illuminate\\Foundation\\Http\\Middleware\\TransformsRequest->handle()
#19 C:\\Users\\SANJEEV KUMAR\\Downloads\\web\\Source\\Source\\vendor\\laravel\\framework\\src\\Illuminate\\Pipeline\\Pipeline.php(180): Illuminate\\Foundation\\Http\\Middleware\\ConvertEmptyStringsToNull->handle()
#20 C:\\Users\\SANJEEV KUMAR\\Downloads\\web\\Source\\Source\\vendor\\laravel\\framework\\src\\Illuminate\\Foundation\\Http\\Middleware\\TransformsRequest.php(21): Illuminate\\Pipeline\\Pipeline->Illuminate\\Pipeline\\{closure}()
#21 C:\\Users\\SANJEEV KUMAR\\Downloads\\web\\Source\\Source\\vendor\\laravel\\framework\\src\\Illuminate\\Foundation\\Http\\Middleware\\TrimStrings.php(40): Illuminate\\Foundation\\Http\\Middleware\\TransformsRequest->handle()
#22 C:\\Users\\SANJEEV KUMAR\\Downloads\\web\\Source\\Source\\vendor\\laravel\\framework\\src\\Illuminate\\Pipeline\\Pipeline.php(180): Illuminate\\Foundation\\Http\\Middleware\\TrimStrings->handle()
#23 C:\\Users\\SANJEEV KUMAR\\Downloads\\web\\Source\\Source\\vendor\\laravel\\framework\\src\\Illuminate\\Foundation\\Http\\Middleware\\ValidatePostSize.php(27): Illuminate\\Pipeline\\Pipeline->Illuminate\\Pipeline\\{closure}()
#24 C:\\Users\\SANJEEV KUMAR\\Downloads\\web\\Source\\Source\\vendor\\laravel\\framework\\src\\Illuminate\\Pipeline\\Pipeline.php(180): Illuminate\\Foundation\\Http\\Middleware\\ValidatePostSize->handle()
#25 C:\\Users\\SANJEEV KUMAR\\Downloads\\web\\Source\\Source\\vendor\\laravel\\framework\\src\\Illuminate\\Foundation\\Http\\Middleware\\PreventRequestsDuringMaintenance.php(86): Illuminate\\Pipeline\\Pipeline->Illuminate\\Pipeline\\{closure}()
#26 C:\\Users\\SANJEEV KUMAR\\Downloads\\web\\Source\\Source\\vendor\\laravel\\framework\\src\\Illuminate\\Pipeline\\Pipeline.php(180): Illuminate\\Foundation\\Http\\Middleware\\PreventRequestsDuringMaintenance->handle()
#27 C:\\Users\\SANJEEV KUMAR\\Downloads\\web\\Source\\Source\\vendor\\fruitcake\\laravel-cors\\src\\HandleCors.php(38): Illuminate\\Pipeline\\Pipeline->Illuminate\\Pipeline\\{closure}()
#28 C:\\Users\\SANJEEV KUMAR\\Downloads\\web\\Source\\Source\\vendor\\laravel\\framework\\src\\Illuminate\\Pipeline\\Pipeline.php(180): Fruitcake\\Cors\\HandleCors->handle()
#29 C:\\Users\\SANJEEV KUMAR\\Downloads\\web\\Source\\Source\\vendor\\laravel\\framework\\src\\Illuminate\\Http\\Middleware\\TrustProxies.php(39): Illuminate\\Pipeline\\Pipeline->Illuminate\\Pipeline\\{closure}()
#30 C:\\Users\\SANJEEV KUMAR\\Downloads\\web\\Source\\Source\\vendor\\laravel\\framework\\src\\Illuminate\\Pipeline\\Pipeline.php(180): Illuminate\\Http\\Middleware\\TrustProxies->handle()
#31 C:\\Users\\SANJEEV KUMAR\\Downloads\\web\\Source\\Source\\vendor\\laravel\\framework\\src\\Illuminate\\Pipeline\\Pipeline.php(116): Illuminate\\Pipeline\\Pipeline->Illuminate\\Pipeline\\{closure}()
#32 C:\\Users\\SANJEEV KUMAR\\Downloads\\web\\Source\\Source\\vendor\\laravel\\framework\\src\\Illuminate\\Foundation\\Http\\Kernel.php(165): Illuminate\\Pipeline\\Pipeline->then()
#33 C:\\Users\\SANJEEV KUMAR\\Downloads\\web\\Source\\Source\\vendor\\laravel\\framework\\src\\Illuminate\\Foundation\\Http\\Kernel.php(134): Illuminate\\Foundation\\Http\\Kernel->sendRequestThroughRouter()
#34 C:\\Users\\SANJEEV KUMAR\\Downloads\\web\\Source\\Source\\public\\index.php(54): Illuminate\\Foundation\\Http\\Kernel->handle()
#35 C:\\Users\\SANJEEV KUMAR\\Downloads\\web\\Source\\Source\\vendor\\laravel\\framework\\src\\Illuminate\\Foundation\\resources\\server.php(16): require_once('...')
#36 {main}
"} 
